[{"stream_name":"stdout","time":10.017014387,"data":"GPUs: 2 suite: closed_set configs: 12\n"}
,{"stream_name":"stdout","time":13.630106228,"data":"[gpu1] 1/6 {\"backbone\": \"resnet18\", \"dataset\": \"MangoImageBD\", \"kind\": \"closed\", \"method\": null, \"naive\": true}\n"}
,{"stream_name":"stdout","time":13.681004031,"data":"[gpu0] 1/6 {\"backbone\": \"resnet18\", \"dataset\": \"MangoImageBD\", \"kind\": \"closed\", \"method\": null, \"naive\": false}\n"}
,{"stream_name":"stdout","time":20.533930891,"data":"Downloading: \"https://download.pytorch.org/models/resnet18-f37072fd.pth\" to /root/.cache/torch/hub/checkpoints/resnet18-f37072fd.pth\n"}
,{"stream_name":"stdout","time":20.612225915,"data":"Downloading: \"https://download.pytorch.org/models/resnet18-f37072fd.pth\" to /root/.cache/torch/hub/checkpoints/resnet18-f37072fd.pth\n"}
,{"stream_name":"stderr","time":20.813439727,"data":"\r  0%|          | 0.00/44.7M [00:00\u003c?, ?B/s]\r  0%|          | 0.00/44.7M [00:00\u003c?, ?B/s]\r 16%|█▌        | 7.00M/44.7M [00:00\u003c00:00, 73.3MB/s]\r 18%|█▊        | 7.88M/44.7M [00:00\u003c00:00, 82.5MB/s]\r 62%|██████▏   | 27.5M/44.7M [00:00\u003c00:00, 156MB/s] \r 69%|██████▉   | 31.0M/44.7M [00:00\u003c00:00, 176MB/s] \r100%|██████████| 44.7M/44.7M [00:00\u003c00:00, 168MB/s]\n"}
,{"stream_name":"stderr","time":20.87171861,"data":"\r100%|██████████| 44.7M/44.7M [00:00\u003c00:00, 181MB/s]\n"}
,{"stream_name":"stderr","time":23.963267615,"data":"/kaggle/working/src/finetune.py:50: UserWarning: Detected call of `lr_scheduler.step()` before `optimizer.step()`. In PyTorch 1.1.0 and later, you should call them in the opposite order: `optimizer.step()` before `lr_scheduler.step()`.  Failure to do this will result in PyTorch skipping the first value of the learning rate schedule. See more details at https://pytorch.org/docs/stable/optim.html#how-to-adjust-learning-rate\n"}
,{"stream_name":"stderr","time":23.963305843,"data":"  sched.step()\n"}
,{"stream_name":"stderr","time":23.963311014,"data":"/kaggle/working/src/finetune.py:50: UserWarning: Detected call of `lr_scheduler.step()` before `optimizer.step()`. In PyTorch 1.1.0 and later, you should call them in the opposite order: `optimizer.step()` before `lr_scheduler.step()`.  Failure to do this will result in PyTorch skipping the first value of the learning rate schedule. See more details at https://pytorch.org/docs/stable/optim.html#how-to-adjust-learning-rate\n"}
,{"stream_name":"stderr","time":23.963316168,"data":"  sched.step()\n"}
,{"stream_name":"stdout","time":71.14415507,"data":"MangoImageBD 1 0 {'method': 'finetune_meta[ours]', 'head': 'mlp', 'k': 1, 'seed': 0, 'acc': 0.49068684516880096, 'f1': 0.39961270836194346, 'bal_acc': 0.4680451528978822, 'sec': 8.954011678695679}\n"}
,{"stream_name":"stderr","time":71.466040503,"data":"/kaggle/working/src/finetune.py:50: UserWarning: Detected call of `lr_scheduler.step()` before `optimizer.step()`. In PyTorch 1.1.0 and later, you should call them in the opposite order: `optimizer.step()` before `lr_scheduler.step()`.  Failure to do this will result in PyTorch skipping the first value of the learning rate schedule. See more details at https://pytorch.org/docs/stable/optim.html#how-to-adjust-learning-rate\n"}
,{"stream_name":"stderr","time":71.466075879,"data":"  sched.step()\n"}
,{"stream_name":"stdout","time":112.84847705,"data":"MangoImageBD 1 1 {'method': 'finetune_meta[ours]', 'head': 'mlp', 'k': 1, 'seed': 1, 'acc': 0.5320139697322468, 'f1': 0.424243810792705, 'bal_acc': 0.49501067849989255, 'sec': 9.134698867797852}\n"}
,{"stream_name":"stderr","time":113.141831449,"data":"/kaggle/working/src/finetune.py:50: UserWarning: Detected call of `lr_scheduler.step()` before `optimizer.step()`. In PyTorch 1.1.0 and later, you should call them in the opposite order: `optimizer.step()` before `lr_scheduler.step()`.  Failure to do this will result in PyTorch skipping the first value of the learning rate schedule. See more details at https://pytorch.org/docs/stable/optim.html#how-to-adjust-learning-rate\n"}
,{"stream_name":"stderr","time":113.141958088,"data":"  sched.step()\n"}
,{"stream_name":"stdout","time":155.496417861,"data":"MangoImageBD 1 2 {'method': 'finetune_meta[ours]', 'head': 'mlp', 'k': 1, 'seed': 2, 'acc': 0.48544819557625146, 'f1': 0.37822330285230926, 'bal_acc': 0.47684495652123265, 'sec': 9.24464464187622}\n"}
,{"stream_name":"stderr","time":165.212976083,"data":"/kaggle/working/src/finetune.py:50: UserWarning: Detected call of `lr_scheduler.step()` before `optimizer.step()`. In PyTorch 1.1.0 and later, you should call them in the opposite order: `optimizer.step()` before `lr_scheduler.step()`.  Failure to do this will result in PyTorch skipping the first value of the learning rate schedule. See more details at https://pytorch.org/docs/stable/optim.html#how-to-adjust-learning-rate\n"}
,{"stream_name":"stderr","time":165.213017219,"data":"  sched.step()\n"}
,{"stream_name":"stdout","time":197.859456531,"data":"MangoImageBD 5 0 {'method': 'finetune_meta[ours]', 'head': 'mlp', 'k': 5, 'seed': 0, 'acc': 0.8154831199068685, 'f1': 0.7326550373329788, 'bal_acc': 0.759387098507317, 'sec': 9.169597387313843}\n"}
,{"stream_name":"stderr","time":198.135451652,"data":"/kaggle/working/src/finetune.py:50: UserWarning: Detected call of `lr_scheduler.step()` before `optimizer.step()`. In PyTorch 1.1.0 and later, you should call them in the opposite order: `optimizer.step()` before `lr_scheduler.step()`.  Failure to do this will result in PyTorch skipping the first value of the learning rate schedule. See more details at https://pytorch.org/docs/stable/optim.html#how-to-adjust-learning-rate\n"}
,{"stream_name":"stderr","time":198.13549735,"data":"  sched.step()\n"}
,{"stream_name":"stdout","time":211.739444064,"data":"MangoImageBD all 0 {'method': 'proto_imagenet', 'head': 'none', 'k': 'all', 'seed': 0, 'acc': 0.8263157894736842, 'f1': 0.706630419290798, 'bal_acc': 0.7352777368887492}\n"}
,{"stream_name":"stdout","time":211.786526178,"data":"[gpu1] 2/6 {\"backbone\": \"densenet121\", \"dataset\": \"MangoImageBD\", \"kind\": \"closed\", \"method\": null, \"naive\": true}\n"}
,{"stream_name":"stdout","time":212.021401832,"data":"Downloading: \"https://download.pytorch.org/models/densenet121-a639ec97.pth\" to /root/.cache/torch/hub/checkpoints/densenet121-a639ec97.pth\n"}
,{"stream_name":"stderr","time":212.236453001,"data":"\r  0%|          | 0.00/30.8M [00:00\u003c?, ?B/s]\r 13%|█▎        | 3.88M/30.8M [00:00\u003c00:00, 40.6MB/s]\r 89%|████████▉ | 27.4M/30.8M [00:00\u003c00:00, 161MB/s] \r100%|██████████| 30.8M/30.8M [00:00\u003c00:00, 151MB/s]\n"}
,{"stream_name":"stderr","time":213.278898551,"data":"/kaggle/working/src/finetune.py:50: UserWarning: Detected call of `lr_scheduler.step()` before `optimizer.step()`. In PyTorch 1.1.0 and later, you should call them in the opposite order: `optimizer.step()` before `lr_scheduler.step()`.  Failure to do this will result in PyTorch skipping the first value of the learning rate schedule. See more details at https://pytorch.org/docs/stable/optim.html#how-to-adjust-learning-rate\n"}
,{"stream_name":"stderr","time":213.278934325,"data":"  sched.step()\n"}
,{"stream_name":"stdout","time":240.655925492,"data":"MangoImageBD 5 1 {'method': 'finetune_meta[ours]', 'head': 'mlp', 'k': 5, 'seed': 1, 'acc': 0.8277066356228172, 'f1': 0.7390666048381888, 'bal_acc': 0.7719765832475844, 'sec': 9.252981901168823}\n"}
,{"stream_name":"stderr","time":240.926588661,"data":"/kaggle/working/src/finetune.py:50: UserWarning: Detected call of `lr_scheduler.step()` before `optimizer.step()`. In PyTorch 1.1.0 and later, you should call them in the opposite order: `optimizer.step()` before `lr_scheduler.step()`.  Failure to do this will result in PyTorch skipping the first value of the learning rate schedule. See more details at https://pytorch.org/docs/stable/optim.html#how-to-adjust-learning-rate\n"}
,{"stream_name":"stderr","time":240.926675013,"data":"  sched.step()\n"}
,{"stream_name":"stdout","time":282.960612735,"data":"MangoImageBD 5 2 {'method': 'finetune_meta[ours]', 'head': 'mlp', 'k': 5, 'seed': 2, 'acc': 0.780558789289872, 'f1': 0.683299774230536, 'bal_acc': 0.7136680202438206, 'sec': 9.164034366607666}\n"}
,{"stream_name":"stderr","time":283.227078983,"data":"/kaggle/working/src/finetune.py:50: UserWarning: Detected call of `lr_scheduler.step()` before `optimizer.step()`. In PyTorch 1.1.0 and later, you should call them in the opposite order: `optimizer.step()` before `lr_scheduler.step()`.  Failure to do this will result in PyTorch skipping the first value of the learning rate schedule. See more details at https://pytorch.org/docs/stable/optim.html#how-to-adjust-learning-rate\n"}
,{"stream_name":"stderr","time":283.227123698,"data":"  sched.step()\n"}
,{"stream_name":"stdout","time":325.323097899,"data":"MangoImageBD 10 0 {'method': 'finetune_meta[ours]', 'head': 'mlp', 'k': 10, 'seed': 0, 'acc': 0.8760186263096624, 'f1': 0.8092059885708717, 'bal_acc': 0.8431354249659644, 'sec': 9.164491415023804}\n"}
,{"stream_name":"stderr","time":325.573066724,"data":"/kaggle/working/src/finetune.py:50: UserWarning: Detected call of `lr_scheduler.step()` before `optimizer.step()`. In PyTorch 1.1.0 and later, you should call them in the opposite order: `optimizer.step()` before `lr_scheduler.step()`.  Failure to do this will result in PyTorch skipping the first value of the learning rate schedule. See more details at https://pytorch.org/docs/stable/optim.html#how-to-adjust-learning-rate\n"}
,{"stream_name":"stderr","time":325.573107014,"data":"  sched.step()\n"}
,{"stream_name":"stdout","time":367.550850997,"data":"MangoImageBD 10 1 {'method': 'finetune_meta[ours]', 'head': 'mlp', 'k': 10, 'seed': 1, 'acc': 0.8527357392316647, 'f1': 0.7767578603866337, 'bal_acc': 0.8032206214941479, 'sec': 9.161173582077026}\n"}
,{"stream_name":"stderr","time":367.8311499,"data":"/kaggle/working/src/finetune.py:50: UserWarning: Detected call of `lr_scheduler.step()` before `optimizer.step()`. In PyTorch 1.1.0 and later, you should call them in the opposite order: `optimizer.step()` before `lr_scheduler.step()`.  Failure to do this will result in PyTorch skipping the first value of the learning rate schedule. See more details at https://pytorch.org/docs/stable/optim.html#how-to-adjust-learning-rate\n"}
,{"stream_name":"stderr","time":367.831186595,"data":"  sched.step()\n"}
,{"stream_name":"stdout","time":409.91089026,"data":"MangoImageBD 10 2 {'method': 'finetune_meta[ours]', 'head': 'mlp', 'k': 10, 'seed': 2, 'acc': 0.8667054714784633, 'f1': 0.7959403945952294, 'bal_acc': 0.8317340000276434, 'sec': 9.160173416137695}\n"}
,{"stream_name":"stderr","time":410.161916456,"data":"/kaggle/working/src/finetune.py:50: UserWarning: Detected call of `lr_scheduler.step()` before `optimizer.step()`. In PyTorch 1.1.0 and later, you should call them in the opposite order: `optimizer.step()` before `lr_scheduler.step()`.  Failure to do this will result in PyTorch skipping the first value of the learning rate schedule. See more details at https://pytorch.org/docs/stable/optim.html#how-to-adjust-learning-rate\n"}
,{"stream_name":"stderr","time":410.161954384,"data":"  sched.step()\n"}
,{"stream_name":"stdout","time":460.785249341,"data":"MangoImageBD 20 0 {'method': 'finetune_meta[ours]', 'head': 'mlp', 'k': 20, 'seed': 0, 'acc': 0.9266589057043073, 'f1': 0.8850251592200837, 'bal_acc': 0.8999279030412048, 'sec': 11.264790534973145}\n"}
,{"stream_name":"stderr","time":461.04223933,"data":"/kaggle/working/src/finetune.py:50: UserWarning: Detected call of `lr_scheduler.step()` before `optimizer.step()`. In PyTorch 1.1.0 and later, you should call them in the opposite order: `optimizer.step()` before `lr_scheduler.step()`.  Failure to do this will result in PyTorch skipping the first value of the learning rate schedule. See more details at https://pytorch.org/docs/stable/optim.html#how-to-adjust-learning-rate\n"}
,{"stream_name":"stderr","time":461.042285865,"data":"  sched.step()\n"}
,{"stream_name":"stdout","time":511.831439689,"data":"MangoImageBD 20 1 {'method': 'finetune_meta[ours]', 'head': 'mlp', 'k': 20, 'seed': 1, 'acc': 0.9272409778812573, 'f1': 0.8959743831079486, 'bal_acc': 0.9129186827030956, 'sec': 11.319000005722046}\n"}
,{"stream_name":"stderr","time":512.096678768,"data":"/kaggle/working/src/finetune.py:50: UserWarning: Detected call of `lr_scheduler.step()` before `optimizer.step()`. In PyTorch 1.1.0 and later, you should call them in the opposite order: `optimizer.step()` before `lr_scheduler.step()`.  Failure to do this will result in PyTorch skipping the first value of the learning rate schedule. See more details at https://pytorch.org/docs/stable/optim.html#how-to-adjust-learning-rate\n"}
,{"stream_name":"stderr","time":512.09672278,"data":"  sched.step()\n"}
,{"stream_name":"stdout","time":562.962517078,"data":"MangoImageBD 20 2 {'method': 'finetune_meta[ours]', 'head': 'mlp', 'k': 20, 'seed': 2, 'acc': 0.9231664726426076, 'f1': 0.8768490931055022, 'bal_acc': 0.8892945165249857, 'sec': 11.24276351928711}\n"}
,{"stream_name":"stderr","time":563.230512292,"data":"/kaggle/working/src/finetune.py:50: UserWarning: Detected call of `lr_scheduler.step()` before `optimizer.step()`. In PyTorch 1.1.0 and later, you should call them in the opposite order: `optimizer.step()` before `lr_scheduler.step()`.  Failure to do this will result in PyTorch skipping the first value of the learning rate schedule. See more details at https://pytorch.org/docs/stable/optim.html#how-to-adjust-learning-rate\n"}
,{"stream_name":"stderr","time":563.230551621,"data":"  sched.step()\n"}
,{"stream_name":"stdout","time":721.792415687,"data":"MangoImageBD all 0 {'method': 'proto_imagenet', 'head': 'none', 'k': 'all', 'seed': 0, 'acc': 0.8181286549707603, 'f1': 0.719369923901361, 'bal_acc': 0.7411471860610063}\n"}
,{"stream_name":"stdout","time":721.893664656,"data":"[gpu1] 3/6 {\"backbone\": \"resnet18\", \"dataset\": \"MangoClassify12\", \"kind\": \"closed\", \"method\": null, \"naive\": true}\n"}
,{"stream_name":"stderr","time":722.391349593,"data":"/kaggle/working/src/finetune.py:50: UserWarning: Detected call of `lr_scheduler.step()` before `optimizer.step()`. In PyTorch 1.1.0 and later, you should call them in the opposite order: `optimizer.step()` before `lr_scheduler.step()`.  Failure to do this will result in PyTorch skipping the first value of the learning rate schedule. See more details at https://pytorch.org/docs/stable/optim.html#how-to-adjust-learning-rate\n"}
,{"stream_name":"stderr","time":722.391387258,"data":"  sched.step()\n"}
,{"stream_name":"stdout","time":907.297387583,"data":"MangoClassify12 all 0 {'method': 'proto_imagenet', 'head': 'none', 'k': 'all', 'seed': 0, 'acc': 0.6823228010247652, 'f1': 0.6589592769832701, 'bal_acc': 0.6989630561921518}\n"}
,{"stream_name":"stdout","time":907.345306945,"data":"[gpu1] 4/6 {\"backbone\": \"densenet121\", \"dataset\": \"MangoClassify12\", \"kind\": \"closed\", \"method\": null, \"naive\": true}\n"}
,{"stream_name":"stderr","time":907.793692339,"data":"/kaggle/working/src/finetune.py:50: UserWarning: Detected call of `lr_scheduler.step()` before `optimizer.step()`. In PyTorch 1.1.0 and later, you should call them in the opposite order: `optimizer.step()` before `lr_scheduler.step()`.  Failure to do this will result in PyTorch skipping the first value of the learning rate schedule. See more details at https://pytorch.org/docs/stable/optim.html#how-to-adjust-learning-rate\n"}
,{"stream_name":"stderr","time":907.793768509,"data":"  sched.step()\n"}
,{"stream_name":"stdout","time":914.82191381,"data":"MangoImageBD all 0 {'method': 'finetune_meta[ours]', 'head': 'mlp', 'k': 'all', 'seed': 0, 'acc': 0.9906868451688009, 'f1': 0.9786766475872722, 'bal_acc': 0.9793374828345656, 'sec': 84.52925753593445}\n"}
,{"stream_name":"stdout","time":914.877980957,"data":"[gpu0] 2/6 {\"backbone\": \"densenet121\", \"dataset\": \"MangoImageBD\", \"kind\": \"closed\", \"method\": null, \"naive\": false}\n"}
,{"stream_name":"stderr","time":916.048921436,"data":"/kaggle/working/src/finetune.py:50: UserWarning: Detected call of `lr_scheduler.step()` before `optimizer.step()`. In PyTorch 1.1.0 and later, you should call them in the opposite order: `optimizer.step()` before `lr_scheduler.step()`.  Failure to do this will result in PyTorch skipping the first value of the learning rate schedule. See more details at https://pytorch.org/docs/stable/optim.html#how-to-adjust-learning-rate\n"}
,{"stream_name":"stderr","time":916.048956486,"data":"  sched.step()\n"}
,{"stream_name":"stdout","time":1037.910967521,"data":"MangoImageBD 1 0 {'method': 'finetune_meta[ours]', 'head': 'mlp', 'k': 1, 'seed': 0, 'acc': 0.6169965075669382, 'f1': 0.4917847277117342, 'bal_acc': 0.5481053467547425, 'sec': 27.470064878463745}\n"}
,{"stream_name":"stderr","time":1038.362616645,"data":"/kaggle/working/src/finetune.py:50: UserWarning: Detected call of `lr_scheduler.step()` before `optimizer.step()`. In PyTorch 1.1.0 and later, you should call them in the opposite order: `optimizer.step()` before `lr_scheduler.step()`.  Failure to do this will result in PyTorch skipping the first value of the learning rate schedule. See more details at https://pytorch.org/docs/stable/optim.html#how-to-adjust-learning-rate\n"}
,{"stream_name":"stderr","time":1038.362651237,"data":"  sched.step()\n"}
,{"stream_name":"stdout","time":1160.224105569,"data":"MangoImageBD 1 1 {'method': 'finetune_meta[ours]', 'head': 'mlp', 'k': 1, 'seed': 1, 'acc': 0.6367869615832363, 'f1': 0.4681049370743496, 'bal_acc': 0.5608552328683257, 'sec': 27.574985027313232}\n"}
,{"stream_name":"stderr","time":1160.653692733,"data":"/kaggle/working/src/finetune.py:50: UserWarning: Detected call of `lr_scheduler.step()` before `optimizer.step()`. In PyTorch 1.1.0 and later, you should call them in the opposite order: `optimizer.step()` before `lr_scheduler.step()`.  Failure to do this will result in PyTorch skipping the first value of the learning rate schedule. See more details at https://pytorch.org/docs/stable/optim.html#how-to-adjust-learning-rate\n"}
,{"stream_name":"stderr","time":1160.653740254,"data":"  sched.step()\n"}
,{"stream_name":"stdout","time":1282.034393199,"data":"MangoImageBD 1 2 {'method': 'finetune_meta[ours]', 'head': 'mlp', 'k': 1, 'seed': 2, 'acc': 0.6356228172293364, 'f1': 0.46159957013428543, 'bal_acc': 0.49547789850476254, 'sec': 27.36277151107788}\n"}
,{"stream_name":"stderr","time":1282.494744789,"data":"/kaggle/working/src/finetune.py:50: UserWarning: Detected call of `lr_scheduler.step()` before `optimizer.step()`. In PyTorch 1.1.0 and later, you should call them in the opposite order: `optimizer.step()` before `lr_scheduler.step()`.  Failure to do this will result in PyTorch skipping the first value of the learning rate schedule. See more details at https://pytorch.org/docs/stable/optim.html#how-to-adjust-learning-rate\n"}
,{"stream_name":"stderr","time":1282.49479737,"data":"  sched.step()\n"}
,{"stream_name":"stdout","time":1404.284896409,"data":"MangoImageBD 5 0 {'method': 'finetune_meta[ours]', 'head': 'mlp', 'k': 5, 'seed': 0, 'acc': 0.8573923166472642, 'f1': 0.7616286719600632, 'bal_acc': 0.7848949187296371, 'sec': 27.43459963798523}\n"}
,{"stream_name":"stderr","time":1404.735170768,"data":"/kaggle/working/src/finetune.py:50: UserWarning: Detected call of `lr_scheduler.step()` before `optimizer.step()`. In PyTorch 1.1.0 and later, you should call them in the opposite order: `optimizer.step()` before `lr_scheduler.step()`.  Failure to do this will result in PyTorch skipping the first value of the learning rate schedule. See more details at https://pytorch.org/docs/stable/optim.html#how-to-adjust-learning-rate\n"}
,{"stream_name":"stderr","time":1404.735251172,"data":"  sched.step()\n"}
,{"stream_name":"stdout","time":1409.525828583,"data":"MangoClassify12 all 0 {'method': 'proto_imagenet', 'head': 'none', 'k': 'all', 'seed': 0, 'acc': 0.6797608881298036, 'f1': 0.6539471754712549, 'bal_acc': 0.7026104017669814}\n"}
,{"stream_name":"stdout","time":1409.626743594,"data":"[gpu1] 5/6 {\"backbone\": \"resnet18\", \"dataset\": \"Mangifera2012\", \"kind\": \"closed\", \"method\": null, \"naive\": true}\n"}
,{"stream_name":"stdout","time":1517.829271603,"data":"Mangifera2012 all 0 {'method': 'proto_imagenet', 'head': 'none', 'k': 'all', 'seed': 0, 'acc': 0.8327814569536424, 'f1': 0.8280094475118809, 'bal_acc': 0.8268461027565237}\n"}
,{"stream_name":"stdout","time":1517.876039062,"data":"[gpu1] 6/6 {\"backbone\": \"densenet121\", \"dataset\": \"Mangifera2012\", \"kind\": \"closed\", \"method\": null, \"naive\": true}\n"}
,{"stream_name":"stderr","time":1518.333286012,"data":"/kaggle/working/src/finetune.py:50: UserWarning: Detected call of `lr_scheduler.step()` before `optimizer.step()`. In PyTorch 1.1.0 and later, you should call them in the opposite order: `optimizer.step()` before `lr_scheduler.step()`.  Failure to do this will result in PyTorch skipping the first value of the learning rate schedule. See more details at https://pytorch.org/docs/stable/optim.html#how-to-adjust-learning-rate\n"}
,{"stream_name":"stderr","time":1518.333327524,"data":"  sched.step()\n"}
,{"stream_name":"stdout","time":1526.910179546,"data":"MangoImageBD 5 1 {'method': 'finetune_meta[ours]', 'head': 'mlp', 'k': 5, 'seed': 1, 'acc': 0.8492433061699651, 'f1': 0.745729684427872, 'bal_acc': 0.7646281042966333, 'sec': 27.593870878219604}\n"}
,{"stream_name":"stderr","time":1527.377527087,"data":"/kaggle/working/src/finetune.py:50: UserWarning: Detected call of `lr_scheduler.step()` before `optimizer.step()`. In PyTorch 1.1.0 and later, you should call them in the opposite order: `optimizer.step()` before `lr_scheduler.step()`.  Failure to do this will result in PyTorch skipping the first value of the learning rate schedule. See more details at https://pytorch.org/docs/stable/optim.html#how-to-adjust-learning-rate\n"}
,{"stream_name":"stderr","time":1527.377572664,"data":"  sched.step()\n"}
,{"stream_name":"stdout","time":1649.395726292,"data":"MangoImageBD 5 2 {'method': 'finetune_meta[ours]', 'head': 'mlp', 'k': 5, 'seed': 2, 'acc': 0.829452852153667, 'f1': 0.7035486978227244, 'bal_acc': 0.7438229709333147, 'sec': 27.497214317321777}\n"}
,{"stream_name":"stderr","time":1649.894155234,"data":"/kaggle/working/src/finetune.py:50: UserWarning: Detected call of `lr_scheduler.step()` before `optimizer.step()`. In PyTorch 1.1.0 and later, you should call them in the opposite order: `optimizer.step()` before `lr_scheduler.step()`.  Failure to do this will result in PyTorch skipping the first value of the learning rate schedule. See more details at https://pytorch.org/docs/stable/optim.html#how-to-adjust-learning-rate\n"}
,{"stream_name":"stderr","time":1649.894191347,"data":"  sched.step()\n"}
,{"stream_name":"stdout","time":1772.695533778,"data":"MangoImageBD 10 0 {'method': 'finetune_meta[ours]', 'head': 'mlp', 'k': 10, 'seed': 0, 'acc': 0.9016298020954598, 'f1': 0.8376426730133348, 'bal_acc': 0.8682653948093352, 'sec': 27.654157400131226}\n"}
,{"stream_name":"stderr","time":1773.145708894,"data":"/kaggle/working/src/finetune.py:50: UserWarning: Detected call of `lr_scheduler.step()` before `optimizer.step()`. In PyTorch 1.1.0 and later, you should call them in the opposite order: `optimizer.step()` before `lr_scheduler.step()`.  Failure to do this will result in PyTorch skipping the first value of the learning rate schedule. See more details at https://pytorch.org/docs/stable/optim.html#how-to-adjust-learning-rate\n"}
,{"stream_name":"stderr","time":1773.145774784,"data":"  sched.step()\n"}
,{"stream_name":"stdout","time":1812.120081226,"data":"Mangifera2012 all 0 {'method': 'proto_imagenet', 'head': 'none', 'k': 'all', 'seed': 0, 'acc': 0.8311258278145696, 'f1': 0.8232675101307564, 'bal_acc': 0.8268388957981582}\n"}
,{"stream_name":"stdout","time":1894.71967737,"data":"MangoImageBD 10 1 {'method': 'finetune_meta[ours]', 'head': 'mlp', 'k': 10, 'seed': 1, 'acc': 0.919674039580908, 'f1': 0.8631764130995861, 'bal_acc': 0.8811459957540799, 'sec': 27.405833959579468}\n"}
,{"stream_name":"stderr","time":1895.153174613,"data":"/kaggle/working/src/finetune.py:50: UserWarning: Detected call of `lr_scheduler.step()` before `optimizer.step()`. In PyTorch 1.1.0 and later, you should call them in the opposite order: `optimizer.step()` before `lr_scheduler.step()`.  Failure to do this will result in PyTorch skipping the first value of the learning rate schedule. See more details at https://pytorch.org/docs/stable/optim.html#how-to-adjust-learning-rate\n"}
,{"stream_name":"stderr","time":1895.153227681,"data":"  sched.step()\n"}
,{"stream_name":"stdout","time":2016.358509002,"data":"MangoImageBD 10 2 {'method': 'finetune_meta[ours]', 'head': 'mlp', 'k': 10, 'seed': 2, 'acc': 0.8585564610011641, 'f1': 0.7832503730992465, 'bal_acc': 0.821018783812289, 'sec': 27.44519877433777}\n"}
,{"stream_name":"stderr","time":2016.819990368,"data":"/kaggle/working/src/finetune.py:50: UserWarning: Detected call of `lr_scheduler.step()` before `optimizer.step()`. In PyTorch 1.1.0 and later, you should call them in the opposite order: `optimizer.step()` before `lr_scheduler.step()`.  Failure to do this will result in PyTorch skipping the first value of the learning rate schedule. See more details at https://pytorch.org/docs/stable/optim.html#how-to-adjust-learning-rate\n"}
,{"stream_name":"stderr","time":2016.820037369,"data":"  sched.step()\n"}
,{"stream_name":"stdout","time":2163.619840151,"data":"MangoImageBD 20 0 {'method': 'finetune_meta[ours]', 'head': 'mlp', 'k': 20, 'seed': 0, 'acc': 0.9336437718277066, 'f1': 0.8888005063464401, 'bal_acc': 0.9086195492950263, 'sec': 33.67433142662048}\n"}
,{"stream_name":"stderr","time":2164.111035335,"data":"/kaggle/working/src/finetune.py:50: UserWarning: Detected call of `lr_scheduler.step()` before `optimizer.step()`. In PyTorch 1.1.0 and later, you should call them in the opposite order: `optimizer.step()` before `lr_scheduler.step()`.  Failure to do this will result in PyTorch skipping the first value of the learning rate schedule. See more details at https://pytorch.org/docs/stable/optim.html#how-to-adjust-learning-rate\n"}
,{"stream_name":"stderr","time":2164.111080061,"data":"  sched.step()\n"}
,{"stream_name":"stdout","time":2310.31708097,"data":"MangoImageBD 20 1 {'method': 'finetune_meta[ours]', 'head': 'mlp', 'k': 20, 'seed': 1, 'acc': 0.9313154831199069, 'f1': 0.9052912042769325, 'bal_acc': 0.9061651997759417, 'sec': 33.363243103027344}\n"}
,{"stream_name":"stderr","time":2310.745224763,"data":"/kaggle/working/src/finetune.py:50: UserWarning: Detected call of `lr_scheduler.step()` before `optimizer.step()`. In PyTorch 1.1.0 and later, you should call them in the opposite order: `optimizer.step()` before `lr_scheduler.step()`.  Failure to do this will result in PyTorch skipping the first value of the learning rate schedule. See more details at https://pytorch.org/docs/stable/optim.html#how-to-adjust-learning-rate\n"}
,{"stream_name":"stderr","time":2310.745266209,"data":"  sched.step()\n"}
,{"stream_name":"stdout","time":2457.008255225,"data":"MangoImageBD 20 2 {'method': 'finetune_meta[ours]', 'head': 'mlp', 'k': 20, 'seed': 2, 'acc': 0.9493597206053551, 'f1': 0.9196154599188834, 'bal_acc': 0.9258713178835448, 'sec': 33.4933979511261}\n"}
,{"stream_name":"stderr","time":2457.465800903,"data":"/kaggle/working/src/finetune.py:50: UserWarning: Detected call of `lr_scheduler.step()` before `optimizer.step()`. In PyTorch 1.1.0 and later, you should call them in the opposite order: `optimizer.step()` before `lr_scheduler.step()`.  Failure to do this will result in PyTorch skipping the first value of the learning rate schedule. See more details at https://pytorch.org/docs/stable/optim.html#how-to-adjust-learning-rate\n"}
,{"stream_name":"stderr","time":2457.465842949,"data":"  sched.step()\n"}
,{"stream_name":"stdout","time":3480.973116584,"data":"MangoImageBD all 0 {'method': 'finetune_meta[ours]', 'head': 'mlp', 'k': 'all', 'seed': 0, 'acc': 0.9947613504074505, 'f1': 0.9866598752753243, 'bal_acc': 0.9883875661375661, 'sec': 247.19043707847595}\n"}
,{"stream_name":"stdout","time":3481.088237713,"data":"[gpu0] 3/6 {\"backbone\": \"resnet18\", \"dataset\": \"MangoClassify12\", \"kind\": \"closed\", \"method\": null, \"naive\": false}\n"}
,{"stream_name":"stderr","time":3481.413795317,"data":"/kaggle/working/src/finetune.py:50: UserWarning: Detected call of `lr_scheduler.step()` before `optimizer.step()`. In PyTorch 1.1.0 and later, you should call them in the opposite order: `optimizer.step()` before `lr_scheduler.step()`.  Failure to do this will result in PyTorch skipping the first value of the learning rate schedule. See more details at https://pytorch.org/docs/stable/optim.html#how-to-adjust-learning-rate\n"}
,{"stream_name":"stderr","time":3481.41382949,"data":"  sched.step()\n"}
,{"stream_name":"stdout","time":3520.87471513,"data":"MangoClassify12 1 0 {'method': 'finetune_meta[ours]', 'head': 'mlp', 'k': 1, 'seed': 0, 'acc': 0.3622704507512521, 'f1': 0.37091276757004205, 'bal_acc': 0.3813430265424258, 'sec': 8.883578777313232}\n"}
,{"stream_name":"stderr","time":3521.126035561,"data":"/kaggle/working/src/finetune.py:50: UserWarning: Detected call of `lr_scheduler.step()` before `optimizer.step()`. In PyTorch 1.1.0 and later, you should call them in the opposite order: `optimizer.step()` before `lr_scheduler.step()`.  Failure to do this will result in PyTorch skipping the first value of the learning rate schedule. See more details at https://pytorch.org/docs/stable/optim.html#how-to-adjust-learning-rate\n"}
,{"stream_name":"stderr","time":3521.126079622,"data":"  sched.step()\n"}
,{"stream_name":"stdout","time":3560.295524164,"data":"MangoClassify12 1 1 {'method': 'finetune_meta[ours]', 'head': 'mlp', 'k': 1, 'seed': 1, 'acc': 0.4240400667779633, 'f1': 0.4002819831122815, 'bal_acc': 0.4388646934482366, 'sec': 8.919489622116089}\n"}
,{"stream_name":"stderr","time":3560.552990723,"data":"/kaggle/working/src/finetune.py:50: UserWarning: Detected call of `lr_scheduler.step()` before `optimizer.step()`. In PyTorch 1.1.0 and later, you should call them in the opposite order: `optimizer.step()` before `lr_scheduler.step()`.  Failure to do this will result in PyTorch skipping the first value of the learning rate schedule. See more details at https://pytorch.org/docs/stable/optim.html#how-to-adjust-learning-rate\n"}
,{"stream_name":"stderr","time":3560.553032043,"data":"  sched.step()\n"}
,{"stream_name":"stdout","time":3599.614147102,"data":"MangoClassify12 1 2 {'method': 'finetune_meta[ours]', 'head': 'mlp', 'k': 1, 'seed': 2, 'acc': 0.34474123539232054, 'f1': 0.3601746213136782, 'bal_acc': 0.4554203382539303, 'sec': 8.927454710006714}\n"}
,{"stream_name":"stdout","time":3639.080190123,"data":"MangoClassify12 5 0 {'method': 'finetune_meta[ours]', 'head': 'mlp', 'k': 5, 'seed': 0, 'acc': 0.6335559265442404, 'f1': 0.6127081494815905, 'bal_acc': 0.6733346887635, 'sec': 8.908568859100342}\n"}
,{"stream_name":"stderr","time":3639.331841229,"data":"/kaggle/working/src/finetune.py:50: UserWarning: Detected call of `lr_scheduler.step()` before `optimizer.step()`. In PyTorch 1.1.0 and later, you should call them in the opposite order: `optimizer.step()` before `lr_scheduler.step()`.  Failure to do this will result in PyTorch skipping the first value of the learning rate schedule. See more details at https://pytorch.org/docs/stable/optim.html#how-to-adjust-learning-rate\n"}
,{"stream_name":"stderr","time":3639.331913597,"data":"  sched.step()\n"}
,{"stream_name":"stdout","time":3678.489769558,"data":"MangoClassify12 5 1 {'method': 'finetune_meta[ours]', 'head': 'mlp', 'k': 5, 'seed': 1, 'acc': 0.5951585976627712, 'f1': 0.570727869077592, 'bal_acc': 0.6319076400554203, 'sec': 8.941264629364014}\n"}
,{"stream_name":"stderr","time":3678.752351977,"data":"/kaggle/working/src/finetune.py:50: UserWarning: Detected call of `lr_scheduler.step()` before `optimizer.step()`. In PyTorch 1.1.0 and later, you should call them in the opposite order: `optimizer.step()` before `lr_scheduler.step()`.  Failure to do this will result in PyTorch skipping the first value of the learning rate schedule. See more details at https://pytorch.org/docs/stable/optim.html#how-to-adjust-learning-rate\n"}
,{"stream_name":"stderr","time":3678.752399673,"data":"  sched.step()\n"}
,{"stream_name":"stdout","time":3718.006662954,"data":"MangoClassify12 5 2 {'method': 'finetune_meta[ours]', 'head': 'mlp', 'k': 5, 'seed': 2, 'acc': 0.656093489148581, 'f1': 0.6166310960942929, 'bal_acc': 0.6906707437510101, 'sec': 8.918486595153809}\n"}
,{"stream_name":"stderr","time":3718.283444363,"data":"/kaggle/working/src/finetune.py:50: UserWarning: Detected call of `lr_scheduler.step()` before `optimizer.step()`. In PyTorch 1.1.0 and later, you should call them in the opposite order: `optimizer.step()` before `lr_scheduler.step()`.  Failure to do this will result in PyTorch skipping the first value of the learning rate schedule. See more details at https://pytorch.org/docs/stable/optim.html#how-to-adjust-learning-rate\n"}
,{"stream_name":"stderr","time":3718.283501724,"data":"  sched.step()\n"}
,{"stream_name":"stdout","time":3757.667395235,"data":"MangoClassify12 10 0 {'method': 'finetune_meta[ours]', 'head': 'mlp', 'k': 10, 'seed': 0, 'acc': 0.7779632721202003, 'f1': 0.7461298798667717, 'bal_acc': 0.8051107778022404, 'sec': 8.938267707824707}\n"}
,{"stream_name":"stderr","time":3757.930340841,"data":"/kaggle/working/src/finetune.py:50: UserWarning: Detected call of `lr_scheduler.step()` before `optimizer.step()`. In PyTorch 1.1.0 and later, you should call them in the opposite order: `optimizer.step()` before `lr_scheduler.step()`.  Failure to do this will result in PyTorch skipping the first value of the learning rate schedule. See more details at https://pytorch.org/docs/stable/optim.html#how-to-adjust-learning-rate\n"}
,{"stream_name":"stderr","time":3757.930388051,"data":"  sched.step()\n"}
,{"stream_name":"stdout","time":3797.191680821,"data":"MangoClassify12 10 1 {'method': 'finetune_meta[ours]', 'head': 'mlp', 'k': 10, 'seed': 1, 'acc': 0.7245409015025042, 'f1': 0.7194218943552281, 'bal_acc': 0.7644842493412791, 'sec': 8.935283184051514}\n"}
,{"stream_name":"stderr","time":3797.444280689,"data":"/kaggle/working/src/finetune.py:50: UserWarning: Detected call of `lr_scheduler.step()` before `optimizer.step()`. In PyTorch 1.1.0 and later, you should call them in the opposite order: `optimizer.step()` before `lr_scheduler.step()`.  Failure to do this will result in PyTorch skipping the first value of the learning rate schedule. See more details at https://pytorch.org/docs/stable/optim.html#how-to-adjust-learning-rate\n"}
,{"stream_name":"stderr","time":3797.444323108,"data":"  sched.step()\n"}
,{"stream_name":"stdout","time":3836.714466354,"data":"MangoClassify12 10 2 {'method': 'finetune_meta[ours]', 'head': 'mlp', 'k': 10, 'seed': 2, 'acc': 0.66110183639399, 'f1': 0.6395839712248651, 'bal_acc': 0.708977193900159, 'sec': 8.929276704788208}\n"}
,{"stream_name":"stderr","time":3846.121383824,"data":"/kaggle/working/src/finetune.py:50: UserWarning: Detected call of `lr_scheduler.step()` before `optimizer.step()`. In PyTorch 1.1.0 and later, you should call them in the opposite order: `optimizer.step()` before `lr_scheduler.step()`.  Failure to do this will result in PyTorch skipping the first value of the learning rate schedule. See more details at https://pytorch.org/docs/stable/optim.html#how-to-adjust-learning-rate\n"}
,{"stream_name":"stderr","time":3846.121431896,"data":"  sched.step()\n"}
,{"stream_name":"stdout","time":3876.511952716,"data":"MangoClassify12 20 0 {'method': 'finetune_meta[ours]', 'head': 'mlp', 'k': 20, 'seed': 0, 'acc': 0.8213689482470785, 'f1': 0.8002312222724615, 'bal_acc': 0.8286857815449765, 'sec': 8.943220615386963}\n"}
,{"stream_name":"stderr","time":3876.778193309,"data":"/kaggle/working/src/finetune.py:50: UserWarning: Detected call of `lr_scheduler.step()` before `optimizer.step()`. In PyTorch 1.1.0 and later, you should call them in the opposite order: `optimizer.step()` before `lr_scheduler.step()`.  Failure to do this will result in PyTorch skipping the first value of the learning rate schedule. See more details at https://pytorch.org/docs/stable/optim.html#how-to-adjust-learning-rate\n"}
,{"stream_name":"stderr","time":3876.778237724,"data":"  sched.step()\n"}
,{"stream_name":"stdout","time":3916.169244736,"data":"MangoClassify12 20 1 {'method': 'finetune_meta[ours]', 'head': 'mlp', 'k': 20, 'seed': 1, 'acc': 0.825542570951586, 'f1': 0.8019287244919914, 'bal_acc': 0.829759649022479, 'sec': 8.91161036491394}\n"}
,{"stream_name":"stderr","time":3916.433270875,"data":"/kaggle/working/src/finetune.py:50: UserWarning: Detected call of `lr_scheduler.step()` before `optimizer.step()`. In PyTorch 1.1.0 and later, you should call them in the opposite order: `optimizer.step()` before `lr_scheduler.step()`.  Failure to do this will result in PyTorch skipping the first value of the learning rate schedule. See more details at https://pytorch.org/docs/stable/optim.html#how-to-adjust-learning-rate\n"}
,{"stream_name":"stderr","time":3916.433310746,"data":"  sched.step()\n"}
,{"stream_name":"stdout","time":3955.833895923,"data":"MangoClassify12 20 2 {'method': 'finetune_meta[ours]', 'head': 'mlp', 'k': 20, 'seed': 2, 'acc': 0.7787979966611018, 'f1': 0.7602328292801097, 'bal_acc': 0.8214225729814113, 'sec': 8.913363218307495}\n"}
,{"stream_name":"stderr","time":3956.08348815,"data":"/kaggle/working/src/finetune.py:50: UserWarning: Detected call of `lr_scheduler.step()` before `optimizer.step()`. In PyTorch 1.1.0 and later, you should call them in the opposite order: `optimizer.step()` before `lr_scheduler.step()`.  Failure to do this will result in PyTorch skipping the first value of the learning rate schedule. See more details at https://pytorch.org/docs/stable/optim.html#how-to-adjust-learning-rate\n"}
,{"stream_name":"stderr","time":3956.083532181,"data":"  sched.step()\n"}
,{"stream_name":"stdout","time":4301.916173005,"data":"MangoClassify12 all 0 {'method': 'finetune_meta[ours]', 'head': 'mlp', 'k': 'all', 'seed': 0, 'acc': 0.9549248747913188, 'f1': 0.918422610464059, 'bal_acc': 0.9018088675689137, 'sec': 84.0373523235321}\n"}
,{"stream_name":"stdout","time":4301.971180838,"data":"[gpu0] 4/6 {\"backbone\": \"densenet121\", \"dataset\": \"MangoClassify12\", \"kind\": \"closed\", \"method\": null, \"naive\": false}\n"}
,{"stream_name":"stderr","time":4302.491607911,"data":"/kaggle/working/src/finetune.py:50: UserWarning: Detected call of `lr_scheduler.step()` before `optimizer.step()`. In PyTorch 1.1.0 and later, you should call them in the opposite order: `optimizer.step()` before `lr_scheduler.step()`.  Failure to do this will result in PyTorch skipping the first value of the learning rate schedule. See more details at https://pytorch.org/docs/stable/optim.html#how-to-adjust-learning-rate\n"}
,{"stream_name":"stderr","time":4302.491678009,"data":"  sched.step()\n"}
,{"stream_name":"stdout","time":4417.249396015,"data":"MangoClassify12 1 0 {'method': 'finetune_meta[ours]', 'head': 'mlp', 'k': 1, 'seed': 0, 'acc': 0.3814691151919866, 'f1': 0.36428633833260077, 'bal_acc': 0.4153117997062074, 'sec': 26.446024894714355}\n"}
,{"stream_name":"stderr","time":4417.668379492,"data":"/kaggle/working/src/finetune.py:50: UserWarning: Detected call of `lr_scheduler.step()` before `optimizer.step()`. In PyTorch 1.1.0 and later, you should call them in the opposite order: `optimizer.step()` before `lr_scheduler.step()`.  Failure to do this will result in PyTorch skipping the first value of the learning rate schedule. See more details at https://pytorch.org/docs/stable/optim.html#how-to-adjust-learning-rate\n"}
,{"stream_name":"stderr","time":4417.668421007,"data":"  sched.step()\n"}
,{"stream_name":"stdout","time":4531.252187217,"data":"MangoClassify12 1 1 {'method': 'finetune_meta[ours]', 'head': 'mlp', 'k': 1, 'seed': 1, 'acc': 0.34641068447412354, 'f1': 0.3278007158532347, 'bal_acc': 0.4122409662335436, 'sec': 26.443037748336792}\n"}
,{"stream_name":"stderr","time":4531.695867349,"data":"/kaggle/working/src/finetune.py:50: UserWarning: Detected call of `lr_scheduler.step()` before `optimizer.step()`. In PyTorch 1.1.0 and later, you should call them in the opposite order: `optimizer.step()` before `lr_scheduler.step()`.  Failure to do this will result in PyTorch skipping the first value of the learning rate schedule. See more details at https://pytorch.org/docs/stable/optim.html#how-to-adjust-learning-rate\n"}
,{"stream_name":"stderr","time":4531.695933534,"data":"  sched.step()\n"}
,{"stream_name":"stdout","time":4645.264209461,"data":"MangoClassify12 1 2 {'method': 'finetune_meta[ours]', 'head': 'mlp', 'k': 1, 'seed': 2, 'acc': 0.3964941569282137, 'f1': 0.3917434868649663, 'bal_acc': 0.49492049740210226, 'sec': 26.433412075042725}\n"}
,{"stream_name":"stderr","time":4645.673831555,"data":"/kaggle/working/src/finetune.py:50: UserWarning: Detected call of `lr_scheduler.step()` before `optimizer.step()`. In PyTorch 1.1.0 and later, you should call them in the opposite order: `optimizer.step()` before `lr_scheduler.step()`.  Failure to do this will result in PyTorch skipping the first value of the learning rate schedule. See more details at https://pytorch.org/docs/stable/optim.html#how-to-adjust-learning-rate\n"}
,{"stream_name":"stderr","time":4645.673889735,"data":"  sched.step()\n"}
,{"stream_name":"stdout","time":4759.851903073,"data":"MangoClassify12 5 0 {'method': 'finetune_meta[ours]', 'head': 'mlp', 'k': 5, 'seed': 0, 'acc': 0.6485809682804674, 'f1': 0.6180959499048361, 'bal_acc': 0.6949178069953649, 'sec': 26.451675415039062}\n"}
,{"stream_name":"stderr","time":4760.271931122,"data":"/kaggle/working/src/finetune.py:50: UserWarning: Detected call of `lr_scheduler.step()` before `optimizer.step()`. In PyTorch 1.1.0 and later, you should call them in the opposite order: `optimizer.step()` before `lr_scheduler.step()`.  Failure to do this will result in PyTorch skipping the first value of the learning rate schedule. See more details at https://pytorch.org/docs/stable/optim.html#how-to-adjust-learning-rate\n"}
,{"stream_name":"stderr","time":4760.271972849,"data":"  sched.step()\n"}
,{"stream_name":"stdout","time":4875.494892935,"data":"MangoClassify12 5 1 {'method': 'finetune_meta[ours]', 'head': 'mlp', 'k': 5, 'seed': 1, 'acc': 0.6252086811352254, 'f1': 0.5998436412350564, 'bal_acc': 0.6549997797889952, 'sec': 26.76016139984131}\n"}
,{"stream_name":"stderr","time":4875.939679496,"data":"/kaggle/working/src/finetune.py:50: UserWarning: Detected call of `lr_scheduler.step()` before `optimizer.step()`. In PyTorch 1.1.0 and later, you should call them in the opposite order: `optimizer.step()` before `lr_scheduler.step()`.  Failure to do this will result in PyTorch skipping the first value of the learning rate schedule. See more details at https://pytorch.org/docs/stable/optim.html#how-to-adjust-learning-rate\n"}
,{"stream_name":"stderr","time":4875.93978504,"data":"  sched.step()\n"}
,{"stream_name":"stdout","time":4991.074192027,"data":"MangoClassify12 5 2 {'method': 'finetune_meta[ours]', 'head': 'mlp', 'k': 5, 'seed': 2, 'acc': 0.6352253756260434, 'f1': 0.602164052752958, 'bal_acc': 0.6771669337111875, 'sec': 26.759660482406616}\n"}
,{"stream_name":"stderr","time":4991.702426884,"data":"/kaggle/working/src/finetune.py:50: UserWarning: Detected call of `lr_scheduler.step()` before `optimizer.step()`. In PyTorch 1.1.0 and later, you should call them in the opposite order: `optimizer.step()` before `lr_scheduler.step()`.  Failure to do this will result in PyTorch skipping the first value of the learning rate schedule. See more details at https://pytorch.org/docs/stable/optim.html#how-to-adjust-learning-rate\n"}
,{"stream_name":"stderr","time":4991.702476765,"data":"  sched.step()\n"}
,{"stream_name":"stdout","time":5107.07193804,"data":"MangoClassify12 10 0 {'method': 'finetune_meta[ours]', 'head': 'mlp', 'k': 10, 'seed': 0, 'acc': 0.7829716193656093, 'f1': 0.7470476117404252, 'bal_acc': 0.8002913134006676, 'sec': 26.668565034866333}\n"}
,{"stream_name":"stderr","time":5107.493327759,"data":"/kaggle/working/src/finetune.py:50: UserWarning: Detected call of `lr_scheduler.step()` before `optimizer.step()`. In PyTorch 1.1.0 and later, you should call them in the opposite order: `optimizer.step()` before `lr_scheduler.step()`.  Failure to do this will result in PyTorch skipping the first value of the learning rate schedule. See more details at https://pytorch.org/docs/stable/optim.html#how-to-adjust-learning-rate\n"}
,{"stream_name":"stderr","time":5107.493370487,"data":"  sched.step()\n"}
,{"stream_name":"stdout","time":5222.7872482,"data":"MangoClassify12 10 1 {'method': 'finetune_meta[ours]', 'head': 'mlp', 'k': 10, 'seed': 1, 'acc': 0.7662771285475793, 'f1': 0.7354150923485151, 'bal_acc': 0.7982743249418669, 'sec': 26.736952304840088}\n"}
,{"stream_name":"stderr","time":5223.259611278,"data":"/kaggle/working/src/finetune.py:50: UserWarning: Detected call of `lr_scheduler.step()` before `optimizer.step()`. In PyTorch 1.1.0 and later, you should call them in the opposite order: `optimizer.step()` before `lr_scheduler.step()`.  Failure to do this will result in PyTorch skipping the first value of the learning rate schedule. See more details at https://pytorch.org/docs/stable/optim.html#how-to-adjust-learning-rate\n"}
,{"stream_name":"stderr","time":5223.259664223,"data":"  sched.step()\n"}
,{"stream_name":"stdout","time":5338.838338598,"data":"MangoClassify12 10 2 {'method': 'finetune_meta[ours]', 'head': 'mlp', 'k': 10, 'seed': 2, 'acc': 0.7554257095158597, 'f1': 0.7175591996392349, 'bal_acc': 0.7930000419515489, 'sec': 26.692872285842896}\n"}
,{"stream_name":"stderr","time":5339.288997391,"data":"/kaggle/working/src/finetune.py:50: UserWarning: Detected call of `lr_scheduler.step()` before `optimizer.step()`. In PyTorch 1.1.0 and later, you should call them in the opposite order: `optimizer.step()` before `lr_scheduler.step()`.  Failure to do this will result in PyTorch skipping the first value of the learning rate schedule. See more details at https://pytorch.org/docs/stable/optim.html#how-to-adjust-learning-rate\n"}
,{"stream_name":"stderr","time":5339.289035848,"data":"  sched.step()\n"}
,{"stream_name":"stdout","time":5455.283328511,"data":"MangoClassify12 20 0 {'method': 'finetune_meta[ours]', 'head': 'mlp', 'k': 20, 'seed': 0, 'acc': 0.83889816360601, 'f1': 0.7999202509432134, 'bal_acc': 0.8503100522412009, 'sec': 26.755624055862427}\n"}
,{"stream_name":"stderr","time":5455.728646342,"data":"/kaggle/working/src/finetune.py:50: UserWarning: Detected call of `lr_scheduler.step()` before `optimizer.step()`. In PyTorch 1.1.0 and later, you should call them in the opposite order: `optimizer.step()` before `lr_scheduler.step()`.  Failure to do this will result in PyTorch skipping the first value of the learning rate schedule. See more details at https://pytorch.org/docs/stable/optim.html#how-to-adjust-learning-rate\n"}
,{"stream_name":"stderr","time":5455.728730069,"data":"  sched.step()\n"}
,{"stream_name":"stdout","time":5572.403115175,"data":"MangoClassify12 20 1 {'method': 'finetune_meta[ours]', 'head': 'mlp', 'k': 20, 'seed': 1, 'acc': 0.8447412353923205, 'f1': 0.807072321663398, 'bal_acc': 0.8393345442930308, 'sec': 26.929425477981567}\n"}
,{"stream_name":"stderr","time":5572.844331778,"data":"/kaggle/working/src/finetune.py:50: UserWarning: Detected call of `lr_scheduler.step()` before `optimizer.step()`. In PyTorch 1.1.0 and later, you should call them in the opposite order: `optimizer.step()` before `lr_scheduler.step()`.  Failure to do this will result in PyTorch skipping the first value of the learning rate schedule. See more details at https://pytorch.org/docs/stable/optim.html#how-to-adjust-learning-rate\n"}
,{"stream_name":"stderr","time":5572.844387536,"data":"  sched.step()\n"}
,{"stream_name":"stdout","time":5688.84902694,"data":"MangoClassify12 20 2 {'method': 'finetune_meta[ours]', 'head': 'mlp', 'k': 20, 'seed': 2, 'acc': 0.8230383973288815, 'f1': 0.7923087900837901, 'bal_acc': 0.8493104376861548, 'sec': 26.684974431991577}\n"}
,{"stream_name":"stderr","time":5689.309092158,"data":"/kaggle/working/src/finetune.py:50: UserWarning: Detected call of `lr_scheduler.step()` before `optimizer.step()`. In PyTorch 1.1.0 and later, you should call them in the opposite order: `optimizer.step()` before `lr_scheduler.step()`.  Failure to do this will result in PyTorch skipping the first value of the learning rate schedule. See more details at https://pytorch.org/docs/stable/optim.html#how-to-adjust-learning-rate\n"}
,{"stream_name":"stderr","time":5689.309140419,"data":"  sched.step()\n"}
,{"stream_name":"stdout","time":6716.934867908,"data":"MangoClassify12 all 0 {'method': 'finetune_meta[ours]', 'head': 'mlp', 'k': 'all', 'seed': 0, 'acc': 0.9766277128547579, 'f1': 0.9644326886520508, 'bal_acc': 0.9590443928201436, 'sec': 251.0427496433258}\n"}
,{"stream_name":"stdout","time":6717.055688347,"data":"[gpu0] 5/6 {\"backbone\": \"resnet18\", \"dataset\": \"Mangifera2012\", \"kind\": \"closed\", \"method\": null, \"naive\": false}\n"}
,{"stream_name":"stdout","time":6755.827358463,"data":"Mangifera2012 1 0 {'method': 'finetune_meta[ours]', 'head': 'mlp', 'k': 1, 'seed': 0, 'acc': 0.42628205128205127, 'f1': 0.4227650394013363, 'bal_acc': 0.41319086488016754, 'sec': 8.824416399002075}\n"}
,{"stream_name":"stderr","time":6756.118167091,"data":"/kaggle/working/src/finetune.py:50: UserWarning: Detected call of `lr_scheduler.step()` before `optimizer.step()`. In PyTorch 1.1.0 and later, you should call them in the opposite order: `optimizer.step()` before `lr_scheduler.step()`.  Failure to do this will result in PyTorch skipping the first value of the learning rate schedule. See more details at https://pytorch.org/docs/stable/optim.html#how-to-adjust-learning-rate\n"}
,{"stream_name":"stderr","time":6756.118216099,"data":"  sched.step()\n"}
,{"stream_name":"stdout","time":6793.673206417,"data":"Mangifera2012 1 1 {'method': 'finetune_meta[ours]', 'head': 'mlp', 'k': 1, 'seed': 1, 'acc': 0.6378205128205128, 'f1': 0.6155096702129776, 'bal_acc': 0.6359782862999527, 'sec': 8.847593307495117}\n"}
,{"stream_name":"stderr","time":6793.976246101,"data":"/kaggle/working/src/finetune.py:50: UserWarning: Detected call of `lr_scheduler.step()` before `optimizer.step()`. In PyTorch 1.1.0 and later, you should call them in the opposite order: `optimizer.step()` before `lr_scheduler.step()`.  Failure to do this will result in PyTorch skipping the first value of the learning rate schedule. See more details at https://pytorch.org/docs/stable/optim.html#how-to-adjust-learning-rate\n"}
,{"stream_name":"stderr","time":6793.976315636,"data":"  sched.step()\n"}
,{"stream_name":"stdout","time":6831.545077823,"data":"Mangifera2012 1 2 {'method': 'finetune_meta[ours]', 'head': 'mlp', 'k': 1, 'seed': 2, 'acc': 0.5400641025641025, 'f1': 0.5044560006583707, 'bal_acc': 0.5154096093528865, 'sec': 8.817939519882202}\n"}
,{"stream_name":"stdout","time":6869.506310138,"data":"Mangifera2012 5 0 {'method': 'finetune_meta[ours]', 'head': 'mlp', 'k': 5, 'seed': 0, 'acc': 0.8141025641025641, 'f1': 0.8022648278294371, 'bal_acc': 0.8071962680542809, 'sec': 8.844733953475952}\n"}
,{"stream_name":"stdout","time":6907.422541477,"data":"Mangifera2012 5 1 {'method': 'finetune_meta[ours]', 'head': 'mlp', 'k': 5, 'seed': 1, 'acc': 0.8253205128205128, 'f1': 0.8175370820748297, 'bal_acc': 0.820691829156886, 'sec': 8.857520580291748}\n"}
,{"stream_name":"stdout","time":6945.30460445,"data":"Mangifera2012 5 2 {'method': 'finetune_meta[ours]', 'head': 'mlp', 'k': 5, 'seed': 2, 'acc': 0.8269230769230769, 'f1': 0.8307236960737855, 'bal_acc': 0.8312353670825207, 'sec': 8.837815046310425}\n"}
,{"stream_name":"stderr","time":6945.595302451,"data":"/kaggle/working/src/finetune.py:50: UserWarning: Detected call of `lr_scheduler.step()` before `optimizer.step()`. In PyTorch 1.1.0 and later, you should call them in the opposite order: `optimizer.step()` before `lr_scheduler.step()`.  Failure to do this will result in PyTorch skipping the first value of the learning rate schedule. See more details at https://pytorch.org/docs/stable/optim.html#how-to-adjust-learning-rate\n"}
,{"stream_name":"stderr","time":6945.595351431,"data":"  sched.step()\n"}
,{"stream_name":"stdout","time":6983.285130743,"data":"Mangifera2012 10 0 {'method': 'finetune_meta[ours]', 'head': 'mlp', 'k': 10, 'seed': 0, 'acc': 0.8974358974358975, 'f1': 0.8968891929238678, 'bal_acc': 0.8999343700929259, 'sec': 8.826547384262085}\n"}
,{"stream_name":"stdout","time":7021.26233679,"data":"Mangifera2012 10 1 {'method': 'finetune_meta[ours]', 'head': 'mlp', 'k': 10, 'seed': 1, 'acc': 0.9391025641025641, 'f1': 0.9394691048442476, 'bal_acc': 0.9416877922421261, 'sec': 8.82845139503479}\n"}
,{"stream_name":"stdout","time":7059.296199766,"data":"Mangifera2012 10 2 {'method': 'finetune_meta[ours]', 'head': 'mlp', 'k': 10, 'seed': 2, 'acc': 0.9150641025641025, 'f1': 0.9141443827387402, 'bal_acc': 0.9155275805263988, 'sec': 8.865375518798828}\n"}
,{"stream_name":"stderr","time":7059.596896929,"data":"/kaggle/working/src/finetune.py:50: UserWarning: Detected call of `lr_scheduler.step()` before `optimizer.step()`. In PyTorch 1.1.0 and later, you should call them in the opposite order: `optimizer.step()` before `lr_scheduler.step()`.  Failure to do this will result in PyTorch skipping the first value of the learning rate schedule. See more details at https://pytorch.org/docs/stable/optim.html#how-to-adjust-learning-rate\n"}
,{"stream_name":"stderr","time":7059.596943795,"data":"  sched.step()\n"}
,{"stream_name":"stdout","time":7097.590330276,"data":"Mangifera2012 20 0 {'method': 'finetune_meta[ours]', 'head': 'mlp', 'k': 20, 'seed': 0, 'acc': 0.9326923076923077, 'f1': 0.9314055069407339, 'bal_acc': 0.9332356763563018, 'sec': 8.863195657730103}\n"}
,{"stream_name":"stdout","time":7135.7405791,"data":"Mangifera2012 20 1 {'method': 'finetune_meta[ours]', 'head': 'mlp', 'k': 20, 'seed': 1, 'acc': 0.9535256410256411, 'f1': 0.953407525231437, 'bal_acc': 0.9564602503431592, 'sec': 8.827597618103027}\n"}
,{"stream_name":"stderr","time":7136.03178291,"data":"/kaggle/working/src/finetune.py:50: UserWarning: Detected call of `lr_scheduler.step()` before `optimizer.step()`. In PyTorch 1.1.0 and later, you should call them in the opposite order: `optimizer.step()` before `lr_scheduler.step()`.  Failure to do this will result in PyTorch skipping the first value of the learning rate schedule. See more details at https://pytorch.org/docs/stable/optim.html#how-to-adjust-learning-rate\n"}
,{"stream_name":"stderr","time":7136.031859604,"data":"  sched.step()\n"}
,{"stream_name":"stdout","time":7173.80521907,"data":"Mangifera2012 20 2 {'method': 'finetune_meta[ours]', 'head': 'mlp', 'k': 20, 'seed': 2, 'acc': 0.9391025641025641, 'f1': 0.9385209780243835, 'bal_acc': 0.9410464397049259, 'sec': 8.840153217315674}\n"}
,{"stream_name":"stdout","time":7378.299669829,"data":"Mangifera2012 all 0 {'method': 'finetune_meta[ours]', 'head': 'mlp', 'k': 'all', 'seed': 0, 'acc': 0.9759615384615384, 'f1': 0.9754870637596434, 'bal_acc': 0.978336686787391, 'sec': 49.60717439651489}\n"}
,{"stream_name":"stdout","time":7378.356047917,"data":"[gpu0] 6/6 {\"backbone\": \"densenet121\", \"dataset\": \"Mangifera2012\", \"kind\": \"closed\", \"method\": null, \"naive\": false}\n"}
,{"stream_name":"stderr","time":7379.027001553,"data":"/kaggle/working/src/finetune.py:50: UserWarning: Detected call of `lr_scheduler.step()` before `optimizer.step()`. In PyTorch 1.1.0 and later, you should call them in the opposite order: `optimizer.step()` before `lr_scheduler.step()`.  Failure to do this will result in PyTorch skipping the first value of the learning rate schedule. See more details at https://pytorch.org/docs/stable/optim.html#how-to-adjust-learning-rate\n"}
,{"stream_name":"stderr","time":7379.027050331,"data":"  sched.step()\n"}
,{"stream_name":"stdout","time":7488.826405926,"data":"Mangifera2012 1 0 {'method': 'finetune_meta[ours]', 'head': 'mlp', 'k': 1, 'seed': 0, 'acc': 0.6105769230769231, 'f1': 0.5865647518071304, 'bal_acc': 0.6043762797749366, 'sec': 26.06755256652832}\n"}
,{"stream_name":"stderr","time":7489.279369153,"data":"/kaggle/working/src/finetune.py:50: UserWarning: Detected call of `lr_scheduler.step()` before `optimizer.step()`. In PyTorch 1.1.0 and later, you should call them in the opposite order: `optimizer.step()` before `lr_scheduler.step()`.  Failure to do this will result in PyTorch skipping the first value of the learning rate schedule. See more details at https://pytorch.org/docs/stable/optim.html#how-to-adjust-learning-rate\n"}
,{"stream_name":"stderr","time":7489.279424444,"data":"  sched.step()\n"}
,{"stream_name":"stdout","time":7598.059920172,"data":"Mangifera2012 1 1 {'method': 'finetune_meta[ours]', 'head': 'mlp', 'k': 1, 'seed': 1, 'acc': 0.6282051282051282, 'f1': 0.6037972227350057, 'bal_acc': 0.6107922611134062, 'sec': 25.969090700149536}\n"}
,{"stream_name":"stderr","time":7598.523756318,"data":"/kaggle/working/src/finetune.py:50: UserWarning: Detected call of `lr_scheduler.step()` before `optimizer.step()`. In PyTorch 1.1.0 and later, you should call them in the opposite order: `optimizer.step()` before `lr_scheduler.step()`.  Failure to do this will result in PyTorch skipping the first value of the learning rate schedule. See more details at https://pytorch.org/docs/stable/optim.html#how-to-adjust-learning-rate\n"}
,{"stream_name":"stderr","time":7598.52381632,"data":"  sched.step()\n"}
,{"stream_name":"stdout","time":7706.746226783,"data":"Mangifera2012 1 2 {'method': 'finetune_meta[ours]', 'head': 'mlp', 'k': 1, 'seed': 2, 'acc': 0.5865384615384616, 'f1': 0.5600901693805411, 'bal_acc': 0.5643778212969013, 'sec': 25.80663275718689}\n"}
,{"stream_name":"stderr","time":7707.176590084,"data":"/kaggle/working/src/finetune.py:50: UserWarning: Detected call of `lr_scheduler.step()` before `optimizer.step()`. In PyTorch 1.1.0 and later, you should call them in the opposite order: `optimizer.step()` before `lr_scheduler.step()`.  Failure to do this will result in PyTorch skipping the first value of the learning rate schedule. See more details at https://pytorch.org/docs/stable/optim.html#how-to-adjust-learning-rate\n"}
,{"stream_name":"stderr","time":7707.1766587,"data":"  sched.step()\n"}
,{"stream_name":"stdout","time":7815.170591523,"data":"Mangifera2012 5 0 {'method': 'finetune_meta[ours]', 'head': 'mlp', 'k': 5, 'seed': 0, 'acc': 0.875, 'f1': 0.8704037881747176, 'bal_acc': 0.8777809104021026, 'sec': 25.842299222946167}\n"}
,{"stream_name":"stderr","time":7815.613149492,"data":"/kaggle/working/src/finetune.py:50: UserWarning: Detected call of `lr_scheduler.step()` before `optimizer.step()`. In PyTorch 1.1.0 and later, you should call them in the opposite order: `optimizer.step()` before `lr_scheduler.step()`.  Failure to do this will result in PyTorch skipping the first value of the learning rate schedule. See more details at https://pytorch.org/docs/stable/optim.html#how-to-adjust-learning-rate\n"}
,{"stream_name":"stderr","time":7815.613188405,"data":"  sched.step()\n"}
,{"stream_name":"stdout","time":7923.622176343,"data":"Mangifera2012 5 1 {'method': 'finetune_meta[ours]', 'head': 'mlp', 'k': 5, 'seed': 1, 'acc': 0.8525641025641025, 'f1': 0.8456922289423362, 'bal_acc': 0.8458480942320223, 'sec': 25.82654094696045}\n"}
,{"stream_name":"stderr","time":7924.102635975,"data":"/kaggle/working/src/finetune.py:50: UserWarning: Detected call of `lr_scheduler.step()` before `optimizer.step()`. In PyTorch 1.1.0 and later, you should call them in the opposite order: `optimizer.step()` before `lr_scheduler.step()`.  Failure to do this will result in PyTorch skipping the first value of the learning rate schedule. See more details at https://pytorch.org/docs/stable/optim.html#how-to-adjust-learning-rate\n"}
,{"stream_name":"stderr","time":7924.102701737,"data":"  sched.step()\n"}
,{"stream_name":"stdout","time":8031.508718226,"data":"Mangifera2012 5 2 {'method': 'finetune_meta[ours]', 'head': 'mlp', 'k': 5, 'seed': 2, 'acc': 0.8301282051282052, 'f1': 0.8246993648415739, 'bal_acc': 0.8316325535945375, 'sec': 25.560631036758423}\n"}
,{"stream_name":"stderr","time":8031.930782737,"data":"/kaggle/working/src/finetune.py:50: UserWarning: Detected call of `lr_scheduler.step()` before `optimizer.step()`. In PyTorch 1.1.0 and later, you should call them in the opposite order: `optimizer.step()` before `lr_scheduler.step()`.  Failure to do this will result in PyTorch skipping the first value of the learning rate schedule. See more details at https://pytorch.org/docs/stable/optim.html#how-to-adjust-learning-rate\n"}
,{"stream_name":"stderr","time":8031.930824161,"data":"  sched.step()\n"}
,{"stream_name":"stdout","time":8139.369273806,"data":"Mangifera2012 10 0 {'method': 'finetune_meta[ours]', 'head': 'mlp', 'k': 10, 'seed': 0, 'acc': 0.9294871794871795, 'f1': 0.9285062239519014, 'bal_acc': 0.9326473167629914, 'sec': 25.635000705718994}\n"}
,{"stream_name":"stderr","time":8139.795843724,"data":"/kaggle/working/src/finetune.py:50: UserWarning: Detected call of `lr_scheduler.step()` before `optimizer.step()`. In PyTorch 1.1.0 and later, you should call them in the opposite order: `optimizer.step()` before `lr_scheduler.step()`.  Failure to do this will result in PyTorch skipping the first value of the learning rate schedule. See more details at https://pytorch.org/docs/stable/optim.html#how-to-adjust-learning-rate\n"}
,{"stream_name":"stderr","time":8139.795895089,"data":"  sched.step()\n"}
,{"stream_name":"stdout","time":8247.032081491,"data":"Mangifera2012 10 1 {'method': 'finetune_meta[ours]', 'head': 'mlp', 'k': 10, 'seed': 1, 'acc': 0.9358974358974359, 'f1': 0.9360992037397372, 'bal_acc': 0.9393466749515662, 'sec': 25.56416130065918}\n"}
,{"stream_name":"stderr","time":8247.609986116,"data":"/kaggle/working/src/finetune.py:50: UserWarning: Detected call of `lr_scheduler.step()` before `optimizer.step()`. In PyTorch 1.1.0 and later, you should call them in the opposite order: `optimizer.step()` before `lr_scheduler.step()`.  Failure to do this will result in PyTorch skipping the first value of the learning rate schedule. See more details at https://pytorch.org/docs/stable/optim.html#how-to-adjust-learning-rate\n"}
,{"stream_name":"stderr","time":8247.610043872,"data":"  sched.step()\n"}
,{"stream_name":"stdout","time":8354.428615173,"data":"Mangifera2012 10 2 {'method': 'finetune_meta[ours]', 'head': 'mlp', 'k': 10, 'seed': 2, 'acc': 0.9134615384615384, 'f1': 0.9125752590742519, 'bal_acc': 0.9145244585955513, 'sec': 25.577947854995728}\n"}
,{"stream_name":"stderr","time":8354.854075938,"data":"/kaggle/working/src/finetune.py:50: UserWarning: Detected call of `lr_scheduler.step()` before `optimizer.step()`. In PyTorch 1.1.0 and later, you should call them in the opposite order: `optimizer.step()` before `lr_scheduler.step()`.  Failure to do this will result in PyTorch skipping the first value of the learning rate schedule. See more details at https://pytorch.org/docs/stable/optim.html#how-to-adjust-learning-rate\n"}
,{"stream_name":"stderr","time":8354.854124788,"data":"  sched.step()\n"}
,{"stream_name":"stdout","time":8462.223866774,"data":"Mangifera2012 20 0 {'method': 'finetune_meta[ours]', 'head': 'mlp', 'k': 20, 'seed': 0, 'acc': 0.9519230769230769, 'f1': 0.9500650060753764, 'bal_acc': 0.9512262509464966, 'sec': 25.508410930633545}\n"}
,{"stream_name":"stderr","time":8462.644061357,"data":"/kaggle/working/src/finetune.py:50: UserWarning: Detected call of `lr_scheduler.step()` before `optimizer.step()`. In PyTorch 1.1.0 and later, you should call them in the opposite order: `optimizer.step()` before `lr_scheduler.step()`.  Failure to do this will result in PyTorch skipping the first value of the learning rate schedule. See more details at https://pytorch.org/docs/stable/optim.html#how-to-adjust-learning-rate\n"}
,{"stream_name":"stderr","time":8462.644101998,"data":"  sched.step()\n"}
,{"stream_name":"stdout","time":8570.098140131,"data":"Mangifera2012 20 1 {'method': 'finetune_meta[ours]', 'head': 'mlp', 'k': 20, 'seed': 1, 'acc': 0.9487179487179487, 'f1': 0.9486796590469165, 'bal_acc': 0.9505511188645374, 'sec': 25.489917516708374}\n"}
,{"stream_name":"stderr","time":8570.507098162,"data":"/kaggle/working/src/finetune.py:50: UserWarning: Detected call of `lr_scheduler.step()` before `optimizer.step()`. In PyTorch 1.1.0 and later, you should call them in the opposite order: `optimizer.step()` before `lr_scheduler.step()`.  Failure to do this will result in PyTorch skipping the first value of the learning rate schedule. See more details at https://pytorch.org/docs/stable/optim.html#how-to-adjust-learning-rate\n"}
,{"stream_name":"stderr","time":8570.507137688,"data":"  sched.step()\n"}
,{"stream_name":"stdout","time":8677.917893287,"data":"Mangifera2012 20 2 {'method': 'finetune_meta[ours]', 'head': 'mlp', 'k': 20, 'seed': 2, 'acc': 0.9455128205128205, 'f1': 0.9453025909440402, 'bal_acc': 0.9450659747376214, 'sec': 25.558485984802246}\n"}
,{"stream_name":"stderr","time":8678.328682217,"data":"/kaggle/working/src/finetune.py:50: UserWarning: Detected call of `lr_scheduler.step()` before `optimizer.step()`. In PyTorch 1.1.0 and later, you should call them in the opposite order: `optimizer.step()` before `lr_scheduler.step()`.  Failure to do this will result in PyTorch skipping the first value of the learning rate schedule. See more details at https://pytorch.org/docs/stable/optim.html#how-to-adjust-learning-rate\n"}
,{"stream_name":"stderr","time":8678.328735801,"data":"  sched.step()\n"}
,{"stream_name":"stdout","time":9259.349660403,"data":"Mangifera2012 all 0 {'method': 'finetune_meta[ours]', 'head': 'mlp', 'k': 'all', 'seed': 0, 'acc': 0.9759615384615384, 'f1': 0.9762717251984514, 'bal_acc': 0.978154030566377, 'sec': 141.97450351715088}\n"}
,{"stream_name":"stdout","time":9280.109844782,"data":"finished [0, 0]\n"}
,{"stream_name":"stderr","time":9282.876723279,"data":"/usr/local/lib/python3.13/dist-packages/mistune.py:435: SyntaxWarning: invalid escape sequence '\\|'\n"}
,{"stream_name":"stderr","time":9282.876805683,"data":"  cells[i][c] = re.sub('\\\\\\\\\\|', '|', cell)\n"}
,{"stream_name":"stderr","time":9283.193205725,"data":"/usr/local/lib/python3.13/dist-packages/nbconvert/filters/filter_links.py:36: SyntaxWarning: invalid escape sequence '\\_'\n"}
,{"stream_name":"stderr","time":9283.19324062,"data":"  text = re.sub(r'_', '\\_', text) # Escape underscores in display text\n"}
,{"stream_name":"stderr","time":9284.077999755,"data":"[NbConvertApp] Converting notebook __script__.ipynb to html\n"}
,{"stream_name":"stderr","time":9285.161115107,"data":"[NbConvertApp] Writing 386361 bytes to __results__.html\n"}
]