[{"stream_name":"stdout","time":8.705205483,"data":"GPUs: 1 suite: fusion configs: 6\n"}
,{"stream_name":"stdout","time":13.898680245,"data":"[gpu0] 1/6 {\"fold\": 0, \"kind\": \"fusion\", \"members\": \"imagenet\", \"method\": null, \"protocol\": \"unified\"}\n"}
,{"stream_name":"stdout","time":22.525551111,"data":"Downloading: \"https://download.pytorch.org/models/resnet18-f37072fd.pth\" to /root/.cache/torch/hub/checkpoints/resnet18-f37072fd.pth\n"}
,{"stream_name":"stderr","time":22.843327347,"data":"\r  0%|          | 0.00/44.7M [00:00\u003c?, ?B/s]\r 24%|██▍       | 10.6M/44.7M [00:00\u003c00:00, 111MB/s]\r 57%|█████▋    | 25.5M/44.7M [00:00\u003c00:00, 137MB/s]\r 93%|█████████▎| 41.8M/44.7M [00:00\u003c00:00, 152MB/s]\r100%|██████████| 44.7M/44.7M [00:00\u003c00:00, 147MB/s]\n"}
,{"stream_name":"stdout","time":23.414316992,"data":"Downloading: \"https://download.pytorch.org/models/resnet50-11ad3fa6.pth\" to /root/.cache/torch/hub/checkpoints/resnet50-11ad3fa6.pth\n"}
,{"stream_name":"stderr","time":23.968975303,"data":"\r  0%|          | 0.00/97.8M [00:00\u003c?, ?B/s]\r 12%|█▏        | 12.0M/97.8M [00:00\u003c00:00, 126MB/s]\r 31%|███▏      | 30.6M/97.8M [00:00\u003c00:00, 166MB/s]\r 51%|█████     | 49.5M/97.8M [00:00\u003c00:00, 180MB/s]\r 69%|██████▉   | 67.8M/97.8M [00:00\u003c00:00, 185MB/s]\r 89%|████████▉ | 87.0M/97.8M [00:00\u003c00:00, 190MB/s]\r100%|██████████| 97.8M/97.8M [00:00\u003c00:00, 185MB/s]\n"}
,{"stream_name":"stdout","time":24.319307814,"data":"Downloading: \"https://download.pytorch.org/models/densenet121-a639ec97.pth\" to /root/.cache/torch/hub/checkpoints/densenet121-a639ec97.pth\n"}
,{"stream_name":"stderr","time":24.527404616,"data":"\r  0%|          | 0.00/30.8M [00:00\u003c?, ?B/s]\r 38%|███▊      | 11.6M/30.8M [00:00\u003c00:00, 121MB/s]\r 96%|█████████▌| 29.6M/30.8M [00:00\u003c00:00, 160MB/s]\r100%|██████████| 30.8M/30.8M [00:00\u003c00:00, 156MB/s]\n"}
,{"stream_name":"stderr","time":35.215239735,"data":"Warning: You are sending unauthenticated requests to the HF Hub. Please set a HF_TOKEN to enable higher rate limits and faster downloads.\n"}
,{"stream_name":"stdout","time":6283.435515745,"data":"[gpu0] 2/6 {\"fold\": 1, \"kind\": \"fusion\", \"members\": \"imagenet\", \"method\": null, \"protocol\": \"unified\"}\n"}
,{"stream_name":"stdout","time":11939.516539378,"data":"[gpu0] 3/6 {\"fold\": 2, \"kind\": \"fusion\", \"members\": \"imagenet\", \"method\": null, \"protocol\": \"unified\"}\n"}
,{"stream_name":"stdout","time":17274.849504099,"data":"[gpu0] 4/6 {\"fold\": 0, \"kind\": \"fusion\", \"members\": \"ce\", \"method\": null, \"protocol\": \"unified\"}\n"}
,{"stream_name":"stdout","time":22881.819699645,"data":"[gpu0] 5/6 {\"fold\": 1, \"kind\": \"fusion\", \"members\": \"ce\", \"method\": null, \"protocol\": \"unified\"}\n"}
,{"stream_name":"stdout","time":28170.517120407,"data":"[gpu0] 6/6 {\"fold\": 2, \"kind\": \"fusion\", \"members\": \"ce\", \"method\": null, \"protocol\": \"unified\"}\n"}
,{"stream_name":"stdout","time":33189.146692407,"data":"finished [0]\n"}
,{"stream_name":"stderr","time":33193.845746355,"data":"/usr/local/lib/python3.13/dist-packages/mistune.py:435: SyntaxWarning: invalid escape sequence '\\|'\n"}
,{"stream_name":"stderr","time":33193.845848484,"data":"  cells[i][c] = re.sub('\\\\\\\\\\|', '|', cell)\n"}
,{"stream_name":"stderr","time":33194.335746777,"data":"/usr/local/lib/python3.13/dist-packages/nbconvert/filters/filter_links.py:36: SyntaxWarning: invalid escape sequence '\\_'\n"}
,{"stream_name":"stderr","time":33194.335797408,"data":"  text = re.sub(r'_', '\\_', text) # Escape underscores in display text\n"}
,{"stream_name":"stderr","time":33195.462464135,"data":"[NbConvertApp] Converting notebook __script__.ipynb to html\n"}
,{"stream_name":"stderr","time":33196.932656661,"data":"[NbConvertApp] Writing 401362 bytes to __results__.html\n"}
]